<div class="collapsible-list"><button class="collapsible"> <Strong>sample page</Strong> <strong>Total Number of Errors = </strong> 2 <strong>Page Score = </strong>22 </button><div class="content"> <div class="content_image_and_suppressed_rules_area">  </div><div class="warning_list_area_div"> <table class="warning_list_item_table"> <tbody class="warning_list_table_body"> <tr> <th>guideline</th><th>html_path</th><th>content</th><th>score</th><th>error_warning</th><th>instances</th><th>instances</th> </tr> <tr><td>sample0</td><td>sample1</td><td>sample2</td><td>3</td><td>sample4</td><td>5</td><td>5</td></tr><tr><td>sample0</td><td>sample1</td><td>sample2</td><td>3</td><td>sample4</td><td>5</td><td>5</td></tr> </tbody> </table> </div> </div></div>