<tr><td>this is an error or warning</td><td>wcag 2.1</td><td>this &gt; that &gt; the path</td><td>&lt;element content&gt;</td><td>22</td><td>11</td><td>11</td></tr>